This file contains any messages produced by compilers while
running configure, to aid debugging if configure makes a mistake.

It was created by nec2c configure 1.3, which was
generated by GNU Autoconf 2.69.  Invocation command line was

  $ ./configure 

## --------- ##
## Platform. ##
## --------- ##

hostname = Maurys-Mac-Pro.local
uname -m = x86_64
uname -r = 15.3.0
uname -s = Darwin
uname -v = Darwin Kernel Version 15.3.0: Thu Dec 10 18:40:58 PST 2015; root:xnu-3248.30.4~1/RELEASE_X86_64

/usr/bin/uname -p = i386
/bin/uname -X     = unknown

/bin/arch              = unknown
/usr/bin/arch -k       = unknown
/usr/convex/getsysinfo = unknown
/usr/bin/hostinfo      = Mach kernel version:
	 Darwin Kernel Version 15.3.0: Thu Dec 10 18:40:58 PST 2015; root:xnu-3248.30.4~1/RELEASE_X86_64
Kernel configured for up to 8 processors.
4 processors are physically available.
8 processors are logically available.
Processor type: i486 (Intel 80486)
Processors active: 0 1 2 3 4 5 6 7
Primary memory available: 12.00 gigabytes
Default processor set: 253 tasks, 1090 threads, 8 processors
Load average: 0.41, Mach factor: 7.58
/bin/machine           = unknown
/usr/bin/oslevel       = unknown
/bin/universe          = unknown

PATH: /opt/local/bin
PATH: /opt/local/sbin
PATH: /usr/local/bin
PATH: /usr/bin
PATH: /bin
PATH: /usr/sbin
PATH: /sbin


## ----------- ##
## Core tests. ##
## ----------- ##

configure:2300: checking for a BSD-compatible install
configure:2368: result: /usr/bin/install -c
configure:2379: checking whether build environment is sane
configure:2434: result: yes
configure:2585: checking for a thread-safe mkdir -p
configure:2624: result: ./install-sh -c -d
configure:2631: checking for gawk
configure:2661: result: no
configure:2631: checking for mawk
configure:2661: result: no
configure:2631: checking for nawk
configure:2661: result: no
configure:2631: checking for awk
configure:2647: found /usr/bin/awk
configure:2658: result: awk
configure:2669: checking whether make sets $(MAKE)
configure:2691: result: yes
configure:2720: checking whether make supports nested variables
configure:2737: result: yes
configure:2866: checking whether to enable maintainer-specific portions of Makefiles
configure:2875: result: no
configure:2890: checking whether configure should try to set CFLAGS
configure:2897: result: yes
configure:2960: checking for g++
configure:2976: found /usr/bin/g++
configure:2987: result: g++
configure:3014: checking for C++ compiler version
configure:3023: g++ --version >&5
Apple LLVM version 7.0.2 (clang-700.1.81)
Target: x86_64-apple-darwin15.3.0
Thread model: posix
Configured with: --prefix=/Applications/Xcode.app/Contents/Developer/usr --with-gxx-include-dir=/Applications/Xcode.app/Contents/Developer/Platforms/MacOSX.platform/Developer/SDKs/MacOSX10.11.sdk/usr/include/c++/4.2.1
configure:3034: $? = 0
configure:3023: g++ -v >&5
Configured with: --prefix=/Applications/Xcode.app/Contents/Developer/usr --with-gxx-include-dir=/Applications/Xcode.app/Contents/Developer/Platforms/MacOSX.platform/Developer/SDKs/MacOSX10.11.sdk/usr/include/c++/4.2.1
Apple LLVM version 7.0.2 (clang-700.1.81)
Target: x86_64-apple-darwin15.3.0
Thread model: posix
configure:3034: $? = 0
configure:3023: g++ -V >&5
clang: error: argument to '-V' is missing (expected 1 value)
clang: error: no input files
configure:3034: $? = 1
configure:3023: g++ -qversion >&5
clang: error: unknown argument: '-qversion'
clang: error: no input files
configure:3034: $? = 1
configure:3054: checking whether the C++ compiler works
configure:3076: g++    conftest.cpp  >&5
configure:3080: $? = 0
configure:3128: result: yes
configure:3131: checking for C++ compiler default output file name
configure:3133: result: a.out
configure:3139: checking for suffix of executables
configure:3146: g++ -o conftest    conftest.cpp  >&5
configure:3150: $? = 0
configure:3172: result: 
configure:3194: checking whether we are cross compiling
configure:3202: g++ -o conftest    conftest.cpp  >&5
configure:3206: $? = 0
configure:3213: ./conftest
configure:3217: $? = 0
configure:3232: result: no
configure:3237: checking for suffix of object files
configure:3259: g++ -c   conftest.cpp >&5
configure:3263: $? = 0
configure:3284: result: o
configure:3288: checking whether we are using the GNU C++ compiler
configure:3307: g++ -c   conftest.cpp >&5
configure:3307: $? = 0
configure:3316: result: yes
configure:3325: checking whether g++ accepts -g
configure:3345: g++ -c -g  conftest.cpp >&5
configure:3345: $? = 0
configure:3386: result: yes
configure:3420: checking for style of include used by make
configure:3448: result: GNU
configure:3474: checking dependency style of g++
configure:3585: result: gcc3
configure:3648: checking for gcc
configure:3664: found /usr/bin/gcc
configure:3675: result: gcc
configure:3904: checking for C compiler version
configure:3913: gcc --version >&5
Apple LLVM version 7.0.2 (clang-700.1.81)
Target: x86_64-apple-darwin15.3.0
Thread model: posix
Configured with: --prefix=/Applications/Xcode.app/Contents/Developer/usr --with-gxx-include-dir=/Applications/Xcode.app/Contents/Developer/Platforms/MacOSX.platform/Developer/SDKs/MacOSX10.11.sdk/usr/include/c++/4.2.1
configure:3924: $? = 0
configure:3913: gcc -v >&5
Configured with: --prefix=/Applications/Xcode.app/Contents/Developer/usr --with-gxx-include-dir=/Applications/Xcode.app/Contents/Developer/Platforms/MacOSX.platform/Developer/SDKs/MacOSX10.11.sdk/usr/include/c++/4.2.1
Apple LLVM version 7.0.2 (clang-700.1.81)
Target: x86_64-apple-darwin15.3.0
Thread model: posix
configure:3924: $? = 0
configure:3913: gcc -V >&5
clang: error: argument to '-V' is missing (expected 1 value)
clang: error: no input files
configure:3924: $? = 1
configure:3913: gcc -qversion >&5
clang: error: unknown argument: '-qversion'
clang: error: no input files
configure:3924: $? = 1
configure:3928: checking whether we are using the GNU C compiler
configure:3947: gcc -c -Wall -O2  conftest.c >&5
configure:3947: $? = 0
configure:3956: result: yes
configure:3965: checking whether gcc accepts -g
configure:3985: gcc -c -g  conftest.c >&5
configure:3985: $? = 0
configure:4026: result: yes
configure:4043: checking for gcc option to accept ISO C89
configure:4106: gcc  -c -Wall -O2  conftest.c >&5
configure:4106: $? = 0
configure:4119: result: none needed
configure:4144: checking whether gcc understands -c and -o together
configure:4166: gcc -c conftest.c -o conftest2.o
configure:4169: $? = 0
configure:4166: gcc -c conftest.c -o conftest2.o
configure:4169: $? = 0
configure:4181: result: yes
configure:4200: checking dependency style of gcc
configure:4311: result: gcc3
configure:4327: checking whether make sets $(MAKE)
configure:4349: result: yes
configure:4361: checking for sin in -lm
configure:4386: gcc -o conftest -Wall -O2   conftest.c -lm   >&5
conftest.c:18:6: warning: incompatible redeclaration of library function 'sin' [-Wincompatible-library-redeclaration]
char sin ();
     ^
conftest.c:18:6: note: 'sin' is a builtin with type 'double (double)'
1 warning generated.
configure:4386: $? = 0
configure:4395: result: yes
configure:4415: checking how to run the C preprocessor
configure:4446: gcc -E  conftest.c
configure:4446: $? = 0
configure:4460: gcc -E  conftest.c
conftest.c:12:10: fatal error: 'ac_nonexistent.h' file not found
#include <ac_nonexistent.h>
         ^
1 error generated.
configure:4460: $? = 1
configure: failed program was:
| /* confdefs.h */
| #define PACKAGE_NAME "nec2c"
| #define PACKAGE_TARNAME "nec2c"
| #define PACKAGE_VERSION "1.3"
| #define PACKAGE_STRING "nec2c 1.3"
| #define PACKAGE_BUGREPORT "nkcyham@yahoo.com"
| #define PACKAGE_URL ""
| #define PACKAGE "nec2c"
| #define VERSION "1.3"
| #define HAVE_LIBM 1
| /* end confdefs.h.  */
| #include <ac_nonexistent.h>
configure:4485: result: gcc -E
configure:4505: gcc -E  conftest.c
configure:4505: $? = 0
configure:4519: gcc -E  conftest.c
conftest.c:12:10: fatal error: 'ac_nonexistent.h' file not found
#include <ac_nonexistent.h>
         ^
1 error generated.
configure:4519: $? = 1
configure: failed program was:
| /* confdefs.h */
| #define PACKAGE_NAME "nec2c"
| #define PACKAGE_TARNAME "nec2c"
| #define PACKAGE_VERSION "1.3"
| #define PACKAGE_STRING "nec2c 1.3"
| #define PACKAGE_BUGREPORT "nkcyham@yahoo.com"
| #define PACKAGE_URL ""
| #define PACKAGE "nec2c"
| #define VERSION "1.3"
| #define HAVE_LIBM 1
| /* end confdefs.h.  */
| #include <ac_nonexistent.h>
configure:4548: checking for grep that handles long lines and -e
configure:4606: result: /usr/bin/grep
configure:4611: checking for egrep
configure:4673: result: /usr/bin/grep -E
configure:4678: checking for ANSI C header files
configure:4698: gcc -c -Wall -O2  conftest.c >&5
configure:4698: $? = 0
configure:4771: gcc -o conftest -Wall -O2   conftest.c -lm  >&5
configure:4771: $? = 0
configure:4771: ./conftest
configure:4771: $? = 0
configure:4782: result: yes
configure:4795: checking for sys/types.h
configure:4795: gcc -c -Wall -O2  conftest.c >&5
configure:4795: $? = 0
configure:4795: result: yes
configure:4795: checking for sys/stat.h
configure:4795: gcc -c -Wall -O2  conftest.c >&5
configure:4795: $? = 0
configure:4795: result: yes
configure:4795: checking for stdlib.h
configure:4795: gcc -c -Wall -O2  conftest.c >&5
configure:4795: $? = 0
configure:4795: result: yes
configure:4795: checking for string.h
configure:4795: gcc -c -Wall -O2  conftest.c >&5
configure:4795: $? = 0
configure:4795: result: yes
configure:4795: checking for memory.h
configure:4795: gcc -c -Wall -O2  conftest.c >&5
configure:4795: $? = 0
configure:4795: result: yes
configure:4795: checking for strings.h
configure:4795: gcc -c -Wall -O2  conftest.c >&5
configure:4795: $? = 0
configure:4795: result: yes
configure:4795: checking for inttypes.h
configure:4795: gcc -c -Wall -O2  conftest.c >&5
configure:4795: $? = 0
configure:4795: result: yes
configure:4795: checking for stdint.h
configure:4795: gcc -c -Wall -O2  conftest.c >&5
configure:4795: $? = 0
configure:4795: result: yes
configure:4795: checking for unistd.h
configure:4795: gcc -c -Wall -O2  conftest.c >&5
configure:4795: $? = 0
configure:4795: result: yes
configure:4810: checking fcntl.h usability
configure:4810: gcc -c -Wall -O2  conftest.c >&5
configure:4810: $? = 0
configure:4810: result: yes
configure:4810: checking fcntl.h presence
configure:4810: gcc -E  conftest.c
configure:4810: $? = 0
configure:4810: result: yes
configure:4810: checking for fcntl.h
configure:4810: result: yes
configure:4810: checking for stdlib.h
configure:4810: result: yes
configure:4810: checking for string.h
configure:4810: result: yes
configure:4810: checking for unistd.h
configure:4810: result: yes
configure:4822: checking for size_t
configure:4822: gcc -c -Wall -O2  conftest.c >&5
configure:4822: $? = 0
configure:4822: gcc -c -Wall -O2  conftest.c >&5
conftest.c:62:21: error: expected expression
if (sizeof ((size_t)))
                    ^
1 error generated.
configure:4822: $? = 1
configure: failed program was:
| /* confdefs.h */
| #define PACKAGE_NAME "nec2c"
| #define PACKAGE_TARNAME "nec2c"
| #define PACKAGE_VERSION "1.3"
| #define PACKAGE_STRING "nec2c 1.3"
| #define PACKAGE_BUGREPORT "nkcyham@yahoo.com"
| #define PACKAGE_URL ""
| #define PACKAGE "nec2c"
| #define VERSION "1.3"
| #define HAVE_LIBM 1
| #define STDC_HEADERS 1
| #define HAVE_SYS_TYPES_H 1
| #define HAVE_SYS_STAT_H 1
| #define HAVE_STDLIB_H 1
| #define HAVE_STRING_H 1
| #define HAVE_MEMORY_H 1
| #define HAVE_STRINGS_H 1
| #define HAVE_INTTYPES_H 1
| #define HAVE_STDINT_H 1
| #define HAVE_UNISTD_H 1
| #define HAVE_FCNTL_H 1
| #define HAVE_STDLIB_H 1
| #define HAVE_STRING_H 1
| #define HAVE_UNISTD_H 1
| /* end confdefs.h.  */
| #include <stdio.h>
| #ifdef HAVE_SYS_TYPES_H
| # include <sys/types.h>
| #endif
| #ifdef HAVE_SYS_STAT_H
| # include <sys/stat.h>
| #endif
| #ifdef STDC_HEADERS
| # include <stdlib.h>
| # include <stddef.h>
| #else
| # ifdef HAVE_STDLIB_H
| #  include <stdlib.h>
| # endif
| #endif
| #ifdef HAVE_STRING_H
| # if !defined STDC_HEADERS && defined HAVE_MEMORY_H
| #  include <memory.h>
| # endif
| # include <string.h>
| #endif
| #ifdef HAVE_STRINGS_H
| # include <strings.h>
| #endif
| #ifdef HAVE_INTTYPES_H
| # include <inttypes.h>
| #endif
| #ifdef HAVE_STDINT_H
| # include <stdint.h>
| #endif
| #ifdef HAVE_UNISTD_H
| # include <unistd.h>
| #endif
| int
| main ()
| {
| if (sizeof ((size_t)))
| 	    return 0;
|   ;
|   return 0;
| }
configure:4822: result: yes
configure:4837: checking for stdlib.h
configure:4837: result: yes
configure:4847: checking for GNU libc compatible malloc
configure:4871: gcc -o conftest -Wall -O2   conftest.c -lm  >&5
configure:4871: $? = 0
configure:4871: ./conftest
configure:4871: $? = 0
configure:4881: result: yes
configure:4904: checking for stdlib.h
configure:4904: result: yes
configure:4914: checking for GNU libc compatible realloc
configure:4938: gcc -o conftest -Wall -O2   conftest.c -lm  >&5
configure:4938: $? = 0
configure:4938: ./conftest
configure:4938: $? = 0
configure:4948: result: yes
configure:4972: checking for floor
configure:4972: gcc -o conftest -Wall -O2   conftest.c -lm  >&5
conftest.c:53:6: warning: incompatible redeclaration of library function 'floor' [-Wincompatible-library-redeclaration]
char floor ();
     ^
conftest.c:53:6: note: 'floor' is a builtin with type 'double (double)'
1 warning generated.
configure:4972: $? = 0
configure:4972: result: yes
configure:4972: checking for pow
configure:4972: gcc -o conftest -Wall -O2   conftest.c -lm  >&5
conftest.c:54:6: warning: incompatible redeclaration of library function 'pow' [-Wincompatible-library-redeclaration]
char pow ();
     ^
conftest.c:54:6: note: 'pow' is a builtin with type 'double (double, double)'
1 warning generated.
configure:4972: $? = 0
configure:4972: result: yes
configure:4972: checking for sqrt
configure:4972: gcc -o conftest -Wall -O2   conftest.c -lm  >&5
conftest.c:55:6: warning: incompatible redeclaration of library function 'sqrt' [-Wincompatible-library-redeclaration]
char sqrt ();
     ^
conftest.c:55:6: note: 'sqrt' is a builtin with type 'double (double)'
1 warning generated.
configure:4972: $? = 0
configure:4972: result: yes
configure:5093: checking that generated files are newer than configure
configure:5099: result: done
configure:5130: creating ./config.status

## ---------------------- ##
## Running config.status. ##
## ---------------------- ##

This file was extended by nec2c config.status 1.3, which was
generated by GNU Autoconf 2.69.  Invocation command line was

  CONFIG_FILES    = 
  CONFIG_HEADERS  = 
  CONFIG_LINKS    = 
  CONFIG_COMMANDS = 
  $ ./config.status 

on Maurys-Mac-Pro.local

config.status:875: creating Makefile
config.status:875: creating config.h
config.status:1104: executing depfiles commands

## ---------------- ##
## Cache variables. ##
## ---------------- ##

ac_cv_c_compiler_gnu=yes
ac_cv_cxx_compiler_gnu=yes
ac_cv_env_CCC_set=
ac_cv_env_CCC_value=
ac_cv_env_CC_set=
ac_cv_env_CC_value=
ac_cv_env_CFLAGS_set=
ac_cv_env_CFLAGS_value=
ac_cv_env_CPPFLAGS_set=
ac_cv_env_CPPFLAGS_value=
ac_cv_env_CPP_set=
ac_cv_env_CPP_value=
ac_cv_env_CXXFLAGS_set=
ac_cv_env_CXXFLAGS_value=
ac_cv_env_CXX_set=
ac_cv_env_CXX_value=
ac_cv_env_LDFLAGS_set=
ac_cv_env_LDFLAGS_value=
ac_cv_env_LIBS_set=
ac_cv_env_LIBS_value=
ac_cv_env_build_alias_set=
ac_cv_env_build_alias_value=
ac_cv_env_host_alias_set=
ac_cv_env_host_alias_value=
ac_cv_env_target_alias_set=
ac_cv_env_target_alias_value=
ac_cv_func_floor=yes
ac_cv_func_malloc_0_nonnull=yes
ac_cv_func_pow=yes
ac_cv_func_realloc_0_nonnull=yes
ac_cv_func_sqrt=yes
ac_cv_header_fcntl_h=yes
ac_cv_header_inttypes_h=yes
ac_cv_header_memory_h=yes
ac_cv_header_stdc=yes
ac_cv_header_stdint_h=yes
ac_cv_header_stdlib_h=yes
ac_cv_header_string_h=yes
ac_cv_header_strings_h=yes
ac_cv_header_sys_stat_h=yes
ac_cv_header_sys_types_h=yes
ac_cv_header_unistd_h=yes
ac_cv_lib_m_sin=yes
ac_cv_objext=o
ac_cv_path_EGREP='/usr/bin/grep -E'
ac_cv_path_GREP=/usr/bin/grep
ac_cv_path_install='/usr/bin/install -c'
ac_cv_prog_AWK=awk
ac_cv_prog_CPP='gcc -E'
ac_cv_prog_ac_ct_CC=gcc
ac_cv_prog_ac_ct_CXX=g++
ac_cv_prog_cc_c89=
ac_cv_prog_cc_g=yes
ac_cv_prog_cxx_g=yes
ac_cv_prog_make_make_set=yes
ac_cv_type_size_t=yes
am_cv_CC_dependencies_compiler_type=gcc3
am_cv_CXX_dependencies_compiler_type=gcc3
am_cv_make_support_nested_variables=yes
am_cv_prog_cc_c_o=yes

## ----------------- ##
## Output variables. ##
## ----------------- ##

ACLOCAL='${SHELL} /Developer/OpenNEC/missing aclocal-1.14'
AMDEPBACKSLASH='\'
AMDEP_FALSE='#'
AMDEP_TRUE=''
AMTAR='$${TAR-tar}'
AM_BACKSLASH='\'
AM_DEFAULT_V='$(AM_DEFAULT_VERBOSITY)'
AM_DEFAULT_VERBOSITY='1'
AM_V='$(V)'
AUTOCONF='${SHELL} /Developer/OpenNEC/missing autoconf'
AUTOHEADER='${SHELL} /Developer/OpenNEC/missing autoheader'
AUTOMAKE='${SHELL} /Developer/OpenNEC/missing automake-1.14'
AWK='awk'
CC='gcc'
CCDEPMODE='depmode=gcc3'
CFLAGS='-Wall -O2'
CPP='gcc -E'
CPPFLAGS=''
CXX='g++'
CXXDEPMODE='depmode=gcc3'
CXXFLAGS='-g -O2'
CYGPATH_W='echo'
DEFS='-DHAVE_CONFIG_H'
DEPDIR='.deps'
ECHO_C='\c'
ECHO_N=''
ECHO_T=''
EGREP='/usr/bin/grep -E'
EXEEXT=''
GREP='/usr/bin/grep'
INSTALL_DATA='${INSTALL} -m 644'
INSTALL_PROGRAM='${INSTALL}'
INSTALL_SCRIPT='${INSTALL}'
INSTALL_STRIP_PROGRAM='$(install_sh) -c -s'
LDFLAGS=''
LIBOBJS=''
LIBS='-lm '
LTLIBOBJS=''
MAINT='#'
MAINTAINER_MODE_FALSE=''
MAINTAINER_MODE_TRUE='#'
MAKEINFO='${SHELL} /Developer/OpenNEC/missing makeinfo'
MKDIR_P='./install-sh -c -d'
OBJEXT='o'
PACKAGE='nec2c'
PACKAGE_BUGREPORT='nkcyham@yahoo.com'
PACKAGE_CFLAGS=''
PACKAGE_LIBS=''
PACKAGE_NAME='nec2c'
PACKAGE_STRING='nec2c 1.3'
PACKAGE_TARNAME='nec2c'
PACKAGE_URL=''
PACKAGE_VERSION='1.3'
PATH_SEPARATOR=':'
SET_MAKE=''
SHELL='/bin/sh'
STRIP=''
VERSION='1.3'
ac_ct_CC='gcc'
ac_ct_CXX='g++'
am__EXEEXT_FALSE=''
am__EXEEXT_TRUE='#'
am__fastdepCC_FALSE='#'
am__fastdepCC_TRUE=''
am__fastdepCXX_FALSE='#'
am__fastdepCXX_TRUE=''
am__include='include'
am__isrc=''
am__leading_dot='.'
am__nodep='_no'
am__quote=''
am__tar='$${TAR-tar} chof - "$$tardir"'
am__untar='$${TAR-tar} xf -'
bindir='${exec_prefix}/bin'
build_alias=''
datadir='${datarootdir}'
datarootdir='${prefix}/share'
docdir='${datarootdir}/doc/${PACKAGE_TARNAME}'
dvidir='${docdir}'
exec_prefix='${prefix}'
host_alias=''
htmldir='${docdir}'
includedir='${prefix}/include'
infodir='${datarootdir}/info'
install_sh='${SHELL} /Developer/OpenNEC/install-sh'
libdir='${exec_prefix}/lib'
libexecdir='${exec_prefix}/libexec'
localedir='${datarootdir}/locale'
localstatedir='${prefix}/var'
mandir='${datarootdir}/man'
mkdir_p='$(MKDIR_P)'
oldincludedir='/usr/include'
pdfdir='${docdir}'
prefix='/usr/local'
program_transform_name='s,x,x,'
psdir='${docdir}'
sbindir='${exec_prefix}/sbin'
sharedstatedir='${prefix}/com'
sysconfdir='${prefix}/etc'
target_alias=''

## ----------- ##
## confdefs.h. ##
## ----------- ##

/* confdefs.h */
#define PACKAGE_NAME "nec2c"
#define PACKAGE_TARNAME "nec2c"
#define PACKAGE_VERSION "1.3"
#define PACKAGE_STRING "nec2c 1.3"
#define PACKAGE_BUGREPORT "nkcyham@yahoo.com"
#define PACKAGE_URL ""
#define PACKAGE "nec2c"
#define VERSION "1.3"
#define HAVE_LIBM 1
#define STDC_HEADERS 1
#define HAVE_SYS_TYPES_H 1
#define HAVE_SYS_STAT_H 1
#define HAVE_STDLIB_H 1
#define HAVE_STRING_H 1
#define HAVE_MEMORY_H 1
#define HAVE_STRINGS_H 1
#define HAVE_INTTYPES_H 1
#define HAVE_STDINT_H 1
#define HAVE_UNISTD_H 1
#define HAVE_FCNTL_H 1
#define HAVE_STDLIB_H 1
#define HAVE_STRING_H 1
#define HAVE_UNISTD_H 1
#define HAVE_STDLIB_H 1
#define HAVE_MALLOC 1
#define HAVE_STDLIB_H 1
#define HAVE_REALLOC 1
#define HAVE_FLOOR 1
#define HAVE_POW 1
#define HAVE_SQRT 1

configure: exit 0

## ---------------------- ##
## Running config.status. ##
## ---------------------- ##

This file was extended by nec2c config.status 1.3, which was
generated by GNU Autoconf 2.69.  Invocation command line was

  CONFIG_FILES    = 
  CONFIG_HEADERS  = 
  CONFIG_LINKS    = 
  CONFIG_COMMANDS = 
  $ ./config.status Makefile depfiles

on Maurys-Mac-Pro.local

config.status:875: creating Makefile
config.status:1104: executing depfiles commands
