
Run     SWR     Gain    F/B     F/R     R-a     X-a     Eff.    %Res.   %Stp  vf      

1-0     1.5693  0       0       0       71.244  16.865  98.87   0    	0    	0.95    
1       1.5976  0       0       0       71.467  18.384  98.87   -0.01	0.1  	0.951   
1-1                                                                           -1      

1-2     8.7659  0       0       0       52.034  -133.8  98.75   -3.14	10   	0.855   
2       1.5976  0       0       0       71.467  18.384  98.87   -0.01	0.1  	0.951   
2-1                                                                           -1      

2-2     1.4498  0       0       0       66.925  -13.43  98.85   0.055	2    	0.931   
2-3     2.1823  0       0       0       62.941  -42.99  98.83   -0.35	2    	0.9124  
3       1.4314  0       0       0       67.131  -11.95  98.85   0.01 	0.1  	0.9319  
3-1                                                                           1       

3-2     1.4314  0       0       0       67.131  -11.95  98.85   0.01 	0.1  	0.9319  
3-3     1.4153  0       0       0       67.338  -10.47  98.85   9.e-3	0.1  	0.9329  
3-4     1.4016  0       0       0       67.545  -8.986  98.85   8.e-3	0.1  	0.9338  
3-5     1.3904  0       0       0       67.753  -7.499  98.85   7.e-3	0.1  	0.9347  
3-6     1.382   0       0       0       67.962  -6.012  98.85   6.e-3	0.1  	0.9357  
3-7     1.3763  0       0       0       68.172  -4.521  98.85   5.e-3	0.1  	0.9366  
3-8     1.3734  0       0       0       68.383  -3.028  98.86   4.e-3	0.1  	0.9375  
3-9     1.3733  0       0       0       68.589  -1.536  98.86   3.e-3	0.1  	0.9385  
3-10    1.376   0       0       0       68.802  -0.04   98.86   2.e-3	0.1  	0.9394  
3-11    1.3816  0       0       0       69.015  1.4573  98.86   -5e-3	0.1  	0.9404  
4       1.3769  0       0       0       68.844  0.2584  98.86   -8e-4	0.02 	0.9396  
4-1                                                                           -1      

4-2     1.3758  0       0       0       68.791  -0.115  98.86   -7e-5	5.e-3	0.9394  
